
> test
> jest --coverage --noStackTrace --runInBand --verbose

  console.log
    User with newuser@test.com is created

      at src/containers/Login.js:88:17

  console.log
    coucou

      at Object.<anonymous> (src/__tests__/NewBill.js:53:9)

  console.log
    https://img.test/my.jpg

      at src/containers/NewBill.js:52:17

  console.log
    e.target.querySelector(`input[data-testid="datepicker"]`).value 2022-01-10

      at HTMLFormElement.Object.<anonymous>.handleSubmit (src/containers/NewBill.js:60:13)

  console.log
    length 2

      at src/containers/Bills.js:59:19

  console.log
    length 1

      at src/containers/Bills.js:59:19

---------------------|---------|----------|---------|---------|---------------------------------------------------------
File                 | % Stmts | % Branch | % Funcs | % Lines | Uncovered Line #s                                       
---------------------|---------|----------|---------|---------|---------------------------------------------------------
All files            |   84.91 |    75.56 |   79.71 |    87.4 |                                                         
 constants           |     100 |      100 |     100 |     100 |                                                         
  routes.js          |     100 |      100 |     100 |     100 |                                                         
  usersTests.js      |       0 |        0 |       0 |       0 |                                                         
 containers          |   82.67 |    60.47 |   73.08 |   85.34 |                                                         
  Bills.js           |   90.32 |       75 |    87.5 |   92.86 | 51-52                                                   
  Dashboard.js       |   67.09 |       52 |   65.22 |   71.83 | 274-275,316-317,342-351,380-381,394-403,407-415,433-435 
  Login.js           |   95.12 |      100 |   81.82 |   95.12 | 29,51                                                   
  Logout.js          |     100 |      100 |     100 |     100 |                                                         
  NewBill.js         |   90.91 |       50 |    62.5 |   90.91 | 81-88                                                   
 views               |   90.91 |     88.1 |     100 |   93.62 |                                                         
  Actions.js         |     100 |      100 |     100 |     100 |                                                         
  BillsUI.js         |   86.11 |       75 |     100 |   89.66 | 38-40                                                   
  DashboardFormUI.js |     100 |      100 |     100 |     100 |                                                         
  DashboardUI.js     |     100 |      100 |     100 |     100 |                                                         
  ErrorPage.js       |     100 |      100 |     100 |     100 |                                                         
  LoadingPage.js     |     100 |      100 |     100 |     100 |                                                         
  LoginUI.js         |     100 |      100 |     100 |     100 |                                                         
  NewBillUI.js       |     100 |      100 |     100 |     100 |                                                         
  VerticalLayout.js  |     100 |      100 |     100 |     100 |                                                         
---------------------|---------|----------|---------|---------|---------------------------------------------------------
